// Jest Snapshot v1, https://goo.gl/fbAQLP

exports[`should render AddQuestion component 1`] = `
<div
  className="add-question-container"
>
  <p
    className="title"
  >
    Add Question
  </p>
  <div
    className="close"
  >
    <FontAwesomeIcon
      border={false}
      className=""
      fixedWidth={false}
      flip={null}
      icon="times"
      inverse={false}
      listItem={false}
      mask={null}
      pull={null}
      pulse={false}
      rotation={null}
      size={null}
      spin={false}
      symbol={false}
      transform={null}
    />
  </div>
  <div
    className="que-question-button"
    onClick={[Function]}
  >
    <FontAwesomeIcon
      border={false}
      className=""
      fixedWidth={false}
      flip={null}
      icon="plus"
      inverse={false}
      listItem={false}
      mask={null}
      pull={null}
      pulse={false}
      rotation={null}
      size={null}
      spin={false}
      symbol={false}
      transform={null}
    />
  </div>
  <div
    className="details"
  >
    <div
      className="group"
    >
      <label
        htmlFor="title"
      >
        Question
      </label>
      <textarea
        data-enable-grammarly="false"
        id="title"
        onChange={[Function]}
        rows={3}
        value=""
      />
    </div>
    <div
      className="split-group"
    >
      <div
        className="group"
      >
        <label
          htmlFor="tags"
        >
          Tags
        </label>
        <input
          id="tags"
          onChange={[Function]}
          type="text"
          value=""
        />
      </div>
      <div
        className="group"
      >
        <label
          htmlFor="type"
        >
          Type
        </label>
        <FontAwesomeIcon
          border={false}
          className="icon"
          fixedWidth={false}
          flip={null}
          icon="angle-down"
          inverse={false}
          listItem={false}
          mask={null}
          pull={null}
          pulse={false}
          rotation={null}
          size={null}
          spin={false}
          symbol={false}
          transform={null}
        />
        <select
          id="question-options-dropdown"
          name="type"
          onChange={[Function]}
          value="true-false"
        >
          <option
            value="true-false"
          >
            True-or-False
          </option>
          <option
            value="multiple-choice"
          >
            Multiple Choice
          </option>
          <option
            value="multiple-select"
          >
            Multiple Select
          </option>
        </select>
      </div>
    </div>
    <div
      className="group"
    >
      <label>
        Image
      </label>
      <t
        className="dropzone with-dots"
        disableClick={false}
        disablePreview={false}
        disabled={false}
        getDataTransferItems={[Function]}
        inputProps={Object {}}
        maxSize={Infinity}
        minSize={0}
        multiple={true}
        onDrop={[Function]}
        preventDropOnDocument={true}
      >
        <p
          className=""
        >
          + Upload
        </p>
      </t>
    </div>
  </div>
  <div
    className="page-navigation"
  >
    <p
      className="page-1 active"
      onClick={[Function]}
    >
      1
    </p>
    <p
      className="page-2"
      onClick={[Function]}
    >
      2
    </p>
  </div>
  <div
    className="tabs"
  >
    <div />
  </div>
</div>
`;
