// Jest Snapshot v1, https://goo.gl/fbAQLP

exports[`should render MyQuizzesPage component 1`] = `
<div
  className="my-quizzes-page"
>
  <div
    className="blocks"
  />
  <div>
    <Pagination
      initialPage={1}
      items={
        Array [
          "quizAttempts array placeholder",
        ]
      }
      onChangePage={[Function]}
    />
  </div>
</div>
`;
