// Jest Snapshot v1, https://goo.gl/fbAQLP

exports[`should render QuizAttemptReviewPage component 1`] = `
<div
  className="review-quiz-page"
/>
`;
