// Jest Snapshot v1, https://goo.gl/fbAQLP

exports[`should render TakeQuizPage component 1`] = `
<div
  className="take-quiz-page"
>
  <Spinner
    className="loading-indicator"
    fadeIn="full"
    name="ball-spin-fade-loader"
    noFadeIn={false}
    overrideSpinnerClassName=""
  />
</div>
`;
